
> estateiq@0.1.0 build
> prisma generate && next build

node.exe : Loaded Prisma config from 
prisma.config.ts.
At line:1 char:1
+ & "C:\Program Files\nodejs/node.exe" 
"C:\Program Files\nodejs/node_mo ...
+ ~~~~~~~~~~~~~~~~~~~~~~~~~~~~~~~~~~~~~~~
~~~~~~~~~~~~~~~~~~~~~~~~~~~~~~
    + CategoryInfo          : NotSpecifi 
   ed: (Loaded Prisma c...isma.config.t  
  s.:String) [], RemoteException
    + FullyQualifiedErrorId : NativeComm 
   andError
 

Prisma schema loaded from 
prisma\schema.prisma.

Γ£ö Generated Prisma Client (v7.4.1) to .\node_modules\@prisma\client in 116ms

Start by importing your Prisma Client (See: https://pris.ly/d/importing-client)


Γû▓ Next.js 16.1.6 (Turbopack)
- Environments: .env

  Creating an optimized production build ...
Γ£ô Compiled successfully in 5.9s
  Running TypeScript ...
  Collecting page data using 11 workers ...
  Generating static pages using 11 workers (0/28) ...
  Generating static pages using 11 workers (7/28) 
  Generating static pages using 11 workers (14/28) 
  Generating static pages using 11 workers (21/28) 
Γ£ô Generating static pages using 11 workers (28/28) in 426.1ms
  Finalizing page optimization ...

Route (app)
Γöî ╞Æ /
Γö£ ╞Æ /_not-found
Γö£ ╞Æ /admin
Γö£ ╞Æ /api/admin
Γö£ ╞Æ /api/ai/chat
Γö£ ╞Æ /api/ai/neighborhood
Γö£ ╞Æ /api/ai/price-predict
Γö£ ╞Æ /api/ai/recommend
Γö£ ╞Æ /api/auth/[...nextauth]
Γö£ ╞Æ /api/auth/register
Γö£ ╞Æ /api/auth/verify-otp
Γö£ ╞Æ /api/dashboard
Γö£ ╞Æ /api/favorites
Γö£ ╞Æ /api/health
Γö£ ╞Æ /api/inquiries
Γö£ ╞Æ /api/notifications
Γö£ ╞Æ /api/properties
Γö£ ╞Æ /api/properties/[id]
Γö£ ╞Æ /api/upload
Γö£ ╞Æ /dashboard
Γö£ ╞Æ /favorites
Γö£ ╞Æ /login
Γö£ ╞Æ /notifications
Γö£ ╞Æ /profile
Γö£ ╞Æ /properties
Γö£ ╞Æ /properties/[id]
Γö£ ╞Æ /properties/new
Γö£ ╞Æ /signup
Γöö ╞Æ /verify-otp


╞Æ Proxy (Middleware)

╞Æ  (Dynamic)  server-rendered on demand

